2025-12-12 09:57:42,714 - conftest - INFO - Получение списка ингредиентов (сессия)
2025-12-12 09:57:43,087 - conftest - INFO - Получено 15 ингредиентов
